BL51 BANKED LINKER/LOCATER V6.22                                                        05/26/2015  18:58:28  PAGE 1


BL51 BANKED LINKER/LOCATER V6.22, INVOKED BY:
D:\KEIL\C51\BIN\BL51.EXE test.obj TO test RAMSIZE (256)


MEMORY MODEL: SMALL WITH FLOATING POINT ARITHMETIC


INPUT MODULES INCLUDED:
  test.obj (TEST)
  D:\KEIL\C51\LIB\C51FPS.LIB (?C?FPADD)
  D:\KEIL\C51\LIB\C51FPS.LIB (?C?FPMUL)
  D:\KEIL\C51\LIB\C51FPS.LIB (?C?FPDIV)
  D:\KEIL\C51\LIB\C51FPS.LIB (?C?FPCMP)
  D:\KEIL\C51\LIB\C51FPS.LIB (?C?FCAST)
  D:\KEIL\C51\LIB\C51FPS.LIB (?C?CASTF)
  D:\KEIL\C51\LIB\C51FPS.LIB (POW)
  D:\KEIL\C51\LIB\C51FPS.LIB (?C?FPGETOPN)
  D:\KEIL\C51\LIB\C51FPS.LIB (?C?CHKFLOAT)
  D:\KEIL\C51\LIB\C51FPS.LIB (?C?FPNEG)
  D:\KEIL\C51\LIB\C51FPS.LIB (EXP)
  D:\KEIL\C51\LIB\C51FPS.LIB (LOG)
  D:\KEIL\C51\LIB\C51FPS.LIB (?C?FPSERIES)
  D:\KEIL\C51\LIB\C51S.LIB (?C_STARTUP)
  D:\KEIL\C51\LIB\C51S.LIB (?C?COPY)
  D:\KEIL\C51\LIB\C51S.LIB (?C?CLDPTR)
  D:\KEIL\C51\LIB\C51S.LIB (?C?CLDOPTR)
  D:\KEIL\C51\LIB\C51S.LIB (?C?CILDOPTR)
  D:\KEIL\C51\LIB\C51S.LIB (?C?CSTPTR)
  D:\KEIL\C51\LIB\C51S.LIB (?C?CSTOPTR)
  D:\KEIL\C51\LIB\C51S.LIB (?C?ULDIV)
  D:\KEIL\C51\LIB\C51S.LIB (?C?LNEG)
  D:\KEIL\C51\LIB\C51S.LIB (?C?ULCMP)
  D:\KEIL\C51\LIB\C51S.LIB (?C?LLDPTR)
  D:\KEIL\C51\LIB\C51S.LIB (?C?LLDOPTR)
  D:\KEIL\C51\LIB\C51S.LIB (?C?LLDIDATA)
  D:\KEIL\C51\LIB\C51S.LIB (?C?LLDCODE)
  D:\KEIL\C51\LIB\C51S.LIB (?C?LLDCODE0)
  D:\KEIL\C51\LIB\C51S.LIB (?C?LLDPTR0)
  D:\KEIL\C51\LIB\C51S.LIB (?C?LLDOPTR0)
  D:\KEIL\C51\LIB\C51S.LIB (?C?LSTIDATA)
  D:\KEIL\C51\LIB\C51S.LIB (?C?LLDXDATA)
  D:\KEIL\C51\LIB\C51S.LIB (?C?LLDPDATA)
  D:\KEIL\C51\LIB\C51S.LIB (?C?LLDIDATA0)
  D:\KEIL\C51\LIB\C51S.LIB (?C?LLDXDATA0)
  D:\KEIL\C51\LIB\C51S.LIB (?C?LLDPDATA0)


LINK MAP OF MODULE:  test (TEST)


            TYPE    BASE      LENGTH    RELOCATION   SEGMENT NAME
            -----------------------------------------------------

            * * * * * * *   D A T A   M E M O R Y   * * * * * * *
            REG     0000H     0008H     ABSOLUTE     "REG BANK 0"
                    0008H     0018H                  *** GAP ***
            BIT     0020H.0   0000H.1   UNIT         _BIT_GROUP_
                    0020H.1   0000H.7                *** GAP ***
BL51 BANKED LINKER/LOCATER V6.22                                                      05/26/2015  18:58:28  PAGE 2


            DATA    0021H     0036H     UNIT         _DATA_GROUP_
            IDATA   0057H     0001H     UNIT         ?STACK

            * * * * * * *   C O D E   M E M O R Y   * * * * * * *
            CODE    0000H     0003H     ABSOLUTE     
            CODE    0003H     07E8H     UNIT         ?C?LIB_CODE
            CODE    07EBH     0214H     UNIT         ?PR?_MATHFUN?TEST
            CODE    09FFH     0199H     UNIT         ?PR?MAIN?TEST
            CODE    0B98H     015FH     UNIT         ?PR?KEYSCAN?TEST
            CODE    0CF7H     0135H     UNIT         ?PR?LOG?LOG
            CODE    0E2CH     0117H     UNIT         ?PR?_POW?POW
            CODE    0F43H     009AH     UNIT         ?PR?EXP?EXP
            CODE    0FDDH     0056H     UNIT         ?PR?_DISPLAY?TEST
            CODE    1033H     002DH     UNIT         ?CO?TEST
            CODE    1060H     0028H     UNIT         ?PR?_RESET?TEST
            CODE    1088H     0020H     UNIT         ?PR?_DELAY?TEST
            CODE    10A8H     000CH     UNIT         ?C_C51STARTUP



OVERLAY MAP OF MODULE:   test (TEST)


SEGMENT                           BIT_GROUP          DATA_GROUP 
  +--> CALLED SEGMENT          START    LENGTH     START    LENGTH
------------------------------------------------------------------
?C_C51STARTUP                  -----    -----      -----    -----
  +--> ?PR?MAIN?TEST

?PR?MAIN?TEST                  -----    -----      0021H    0017H
  +--> ?CO?TEST
  +--> ?PR?KEYSCAN?TEST
  +--> ?PR?_RESET?TEST
  +--> ?PR?_MATHFUN?TEST
  +--> ?PR?_POW?POW
  +--> ?PR?_DISPLAY?TEST

?PR?KEYSCAN?TEST               -----    -----      0038H    0002H
  +--> ?PR?_DELAY?TEST

?PR?_RESET?TEST                -----    -----      0038H    0003H

?PR?_MATHFUN?TEST              -----    -----      0038H    001FH

?PR?_POW?POW                   -----    -----      0038H    000AH
  +--> ?PR?LOG?LOG
  +--> ?PR?EXP?EXP

?PR?LOG?LOG                    0020H.0  0000H.1    0042H    0004H

?PR?_DISPLAY?TEST              -----    -----      0038H    0003H
  +--> ?CO?TEST



SYMBOL TABLE OF MODULE:  test (TEST)

BL51 BANKED LINKER/LOCATER V6.22                                                      05/26/2015  18:58:28  PAGE 3


  VALUE           TYPE          NAME
  ----------------------------------

  -------         MODULE        TEST
  C:0000H         SYMBOL        _ICE_DUMMY_
  D:0080H         PUBLIC        P0
  D:00A0H         PUBLIC        P2
  D:00B0H         PUBLIC        P3
  C:1088H         PUBLIC        _delay
  B:00A0H.6       PUBLIC        SD
  C:1060H         PUBLIC        _reset
  C:09FFH         PUBLIC        main
  B:00A0H.0       PUBLIC        dula
  B:00A0H.1       PUBLIC        wela
  C:104FH         SYMBOL        _?ix1000
  C:1058H         SYMBOL        _?ix1001
  B:00A0H.2       PUBLIC        cs88
  C:1033H         PUBLIC        numbers_display
  B:00A0H.7       PUBLIC        DS1302
  B:00A0H.5       PUBLIC        led_en
  C:0B98H         PUBLIC        keyscan
  C:1047H         PUBLIC        display_area
  C:07EBH         PUBLIC        _mathfun
  C:0FDDH         PUBLIC        _display
  -------         PROC          _DELAY
  D:0007H         SYMBOL        i
  -------         DO            
  D:0006H         SYMBOL        j
  D:0004H         SYMBOL        k
  -------         ENDDO         
  C:1088H         LINE#         19
  C:1088H         LINE#         20
  C:1088H         LINE#         22
  C:1093H         LINE#         23
  C:10A7H         LINE#         24
  -------         ENDPROC       _DELAY
  -------         PROC          _DISPLAY
  D:0038H         SYMBOL        result
  -------         DO            
  D:0007H         SYMBOL        num
  D:0006H         SYMBOL        area
  -------         ENDDO         
  C:0FDDH         LINE#         26
  C:0FE3H         LINE#         27
  C:0FE3H         LINE#         28
  C:0FE7H         LINE#         29
  C:0FE9H         LINE#         31
  C:1002H         LINE#         32
  C:1002H         LINE#         33
  C:100CH         LINE#         34
  C:100EH         LINE#         35
  C:1010H         LINE#         36
  C:1017H         LINE#         37
  C:1019H         LINE#         38
  C:101BH         LINE#         39
  C:101EH         LINE#         40
  C:1020H         LINE#         41
BL51 BANKED LINKER/LOCATER V6.22                                                      05/26/2015  18:58:28  PAGE 4


  C:1022H         LINE#         42
  C:1030H         LINE#         43
  C:1032H         LINE#         45
  -------         ENDPROC       _DISPLAY
  -------         PROC          KEYSCAN
  -------         DO            
  D:0038H         SYMBOL        temp
  D:0039H         SYMBOL        key_click
  -------         ENDDO         
  C:0B98H         LINE#         47
  C:0B98H         LINE#         48
  C:0B98H         LINE#         50
  C:0B9BH         LINE#         51
  C:0B9EH         LINE#         52
  C:0BA1H         LINE#         53
  C:0BA7H         LINE#         54
  C:0BA7H         LINE#         55
  C:0BACH         LINE#         56
  C:0BB2H         LINE#         57
  C:0BB2H         LINE#         58
  C:0BB5H         LINE#         59
  C:0BC7H         LINE#         60
  C:0BC7H         LINE#         61
  C:0BC7H         LINE#         62
  C:0BCCH         LINE#         63
  C:0BCCH         LINE#         64
  C:0BD1H         LINE#         65
  C:0BD1H         LINE#         66
  C:0BD6H         LINE#         67
  C:0BD6H         LINE#         68
  C:0BDBH         LINE#         69
  C:0BDBH         LINE#         70
  C:0BDEH         LINE#         71
  C:0BDEH         LINE#         72
  C:0BE4H         LINE#         73
  C:0BE4H         LINE#         74
  C:0BE7H         LINE#         75
  C:0BEAH         LINE#         76
  C:0BECH         LINE#         77
  C:0BEFH         LINE#         78
  C:0BEFH         LINE#         79
  C:0BEFH         LINE#         80
  C:0BF2H         LINE#         81
  C:0BF5H         LINE#         82
  C:0BF8H         LINE#         83
  C:0BFEH         LINE#         84
  C:0BFEH         LINE#         85
  C:0C03H         LINE#         86
  C:0C09H         LINE#         87
  C:0C09H         LINE#         88
  C:0C0CH         LINE#         89
  C:0C1EH         LINE#         90
  C:0C1EH         LINE#         91
  C:0C1EH         LINE#         92
  C:0C23H         LINE#         93
  C:0C23H         LINE#         94
  C:0C28H         LINE#         95
BL51 BANKED LINKER/LOCATER V6.22                                                      05/26/2015  18:58:28  PAGE 5


  C:0C28H         LINE#         96
  C:0C2DH         LINE#         97
  C:0C2DH         LINE#         98
  C:0C32H         LINE#         99
  C:0C32H         LINE#         100
  C:0C35H         LINE#         101
  C:0C35H         LINE#         102
  C:0C3BH         LINE#         103
  C:0C3BH         LINE#         104
  C:0C3EH         LINE#         105
  C:0C41H         LINE#         106
  C:0C43H         LINE#         107
  C:0C46H         LINE#         108
  C:0C46H         LINE#         109
  C:0C46H         LINE#         110
  C:0C49H         LINE#         111
  C:0C4CH         LINE#         112
  C:0C4FH         LINE#         113
  C:0C55H         LINE#         114
  C:0C55H         LINE#         115
  C:0C5AH         LINE#         116
  C:0C60H         LINE#         117
  C:0C60H         LINE#         118
  C:0C63H         LINE#         119
  C:0C75H         LINE#         120
  C:0C75H         LINE#         121
  C:0C75H         LINE#         122
  C:0C7AH         LINE#         123
  C:0C7AH         LINE#         124
  C:0C7FH         LINE#         125
  C:0C7FH         LINE#         126
  C:0C84H         LINE#         127
  C:0C84H         LINE#         128
  C:0C89H         LINE#         129
  C:0C89H         LINE#         130
  C:0C8CH         LINE#         131
  C:0C8CH         LINE#         132
  C:0C92H         LINE#         133
  C:0C92H         LINE#         134
  C:0C95H         LINE#         135
  C:0C98H         LINE#         136
  C:0C9AH         LINE#         137
  C:0C9DH         LINE#         138
  C:0C9DH         LINE#         139
  C:0C9DH         LINE#         140
  C:0CA0H         LINE#         141
  C:0CA3H         LINE#         142
  C:0CA6H         LINE#         143
  C:0CACH         LINE#         144
  C:0CACH         LINE#         145
  C:0CB1H         LINE#         146
  C:0CB7H         LINE#         147
  C:0CB7H         LINE#         148
  C:0CBAH         LINE#         149
  C:0CCCH         LINE#         150
  C:0CCCH         LINE#         151
  C:0CCCH         LINE#         152
BL51 BANKED LINKER/LOCATER V6.22                                                      05/26/2015  18:58:28  PAGE 6


  C:0CD1H         LINE#         153
  C:0CD1H         LINE#         154
  C:0CD6H         LINE#         155
  C:0CD6H         LINE#         156
  C:0CDBH         LINE#         157
  C:0CDBH         LINE#         158
  C:0CE0H         LINE#         159
  C:0CE0H         LINE#         160
  C:0CE3H         LINE#         161
  C:0CE3H         LINE#         162
  C:0CE9H         LINE#         163
  C:0CE9H         LINE#         164
  C:0CECH         LINE#         165
  C:0CEFH         LINE#         166
  C:0CF1H         LINE#         167
  C:0CF4H         LINE#         168
  C:0CF4H         LINE#         169
  C:0CF4H         LINE#         170
  C:0CF6H         LINE#         171
  -------         ENDPROC       KEYSCAN
  -------         PROC          _RESET
  D:0038H         SYMBOL        result
  -------         DO            
  D:0007H         SYMBOL        i
  -------         ENDDO         
  C:1060H         LINE#         173
  C:1066H         LINE#         174
  C:1066H         LINE#         175
  C:1068H         LINE#         176
  C:106CH         LINE#         177
  C:1072H         LINE#         178
  C:1072H         LINE#         179
  C:1085H         LINE#         180
  C:1087H         LINE#         181
  -------         ENDPROC       _RESET
  -------         PROC          _MATHFUN
  D:0038H         SYMBOL        count
  D:0005H         SYMBOL        math_key
  D:003CH         SYMBOL        result
  -------         DO            
  D:003FH         SYMBOL        ltemp
  D:0043H         SYMBOL        rtemp
  D:0047H         SYMBOL        point_area
  D:0048H         SYMBOL        result2
  D:0051H         SYMBOL        k
  D:0052H         SYMBOL        j
  D:0053H         SYMBOL        temp
  -------         ENDDO         
  C:07EBH         LINE#         183
  C:07F1H         LINE#         184
  C:07F1H         LINE#         187
  C:07F6H         LINE#         189
  C:080AH         LINE#         190
  C:080AH         LINE#         191
  C:080AH         LINE#         192
  C:081CH         LINE#         193
  C:081EH         LINE#         195
BL51 BANKED LINKER/LOCATER V6.22                                                      05/26/2015  18:58:28  PAGE 7


  C:081EH         LINE#         196
  C:0846H         LINE#         197
  C:0848H         LINE#         199
  C:0848H         LINE#         200
  C:085AH         LINE#         201
  C:085CH         LINE#         203
  C:085CH         LINE#         204
  C:088CH         LINE#         205
  C:088CH         LINE#         207
  C:088CH         LINE#         209
  C:08A3H         LINE#         210
  C:08A3H         LINE#         211
  C:08BDH         LINE#         212
  C:08D6H         LINE#         213
  C:08D8H         LINE#         214
  C:08EBH         LINE#         215
  C:08EBH         LINE#         216
  C:0905H         LINE#         217
  C:0909H         LINE#         219
  C:0941H         LINE#         220
  C:0941H         LINE#         221
  C:0954H         LINE#         222
  C:0959H         LINE#         223
  C:0998H         LINE#         224
  C:0998H         LINE#         225
  C:09B2H         LINE#         226
  C:09CBH         LINE#         227
  C:09CDH         LINE#         228
  C:09E0H         LINE#         229
  C:09E0H         LINE#         230
  C:09FAH         LINE#         231
  C:09FEH         LINE#         232
  C:09FEH         LINE#         233
  -------         ENDPROC       _MATHFUN
  -------         PROC          MAIN
  -------         DO            
  D:0021H         SYMBOL        point_area
  D:0022H         SYMBOL        temp
  D:0023H         SYMBOL        math_key
  D:0024H         SYMBOL        result
  D:002DH         SYMBOL        flag
  D:002EH         SYMBOL        i
  D:002FH         SYMBOL        j
  D:0030H         SYMBOL        count
  -------         ENDDO         
  C:09FFH         LINE#         236
  C:09FFH         LINE#         237
  C:09FFH         LINE#         238
  C:0A12H         LINE#         239
  C:0A19H         LINE#         240
  C:0A2AH         LINE#         241
  C:0A2CH         LINE#         242
  C:0A2EH         LINE#         243
  C:0A30H         LINE#         244
  C:0A32H         LINE#         245
  C:0A34H         LINE#         246
  C:0A36H         LINE#         247
BL51 BANKED LINKER/LOCATER V6.22                                                      05/26/2015  18:58:28  PAGE 8


  C:0A38H         LINE#         248
  C:0A38H         LINE#         249
  C:0A3DH         LINE#         250
  C:0A5DH         LINE#         251
  C:0A5DH         LINE#         252
  C:0A5DH         LINE#         253
  C:0A5DH         LINE#         254
  C:0A5DH         LINE#         255
  C:0A5DH         LINE#         256
  C:0A5DH         LINE#         257
  C:0A64H         LINE#         258
  C:0A64H         LINE#         259
  C:0A67H         LINE#         260
  C:0A69H         LINE#         261
  C:0A6BH         LINE#         262
  C:0A6BH         LINE#         263
  C:0A6BH         LINE#         264
  C:0A6BH         LINE#         265
  C:0A76H         LINE#         266
  C:0A79H         LINE#         268
  C:0A79H         LINE#         269
  C:0A81H         LINE#         270
  C:0A81H         LINE#         271
  C:0A83H         LINE#         272
  C:0A83H         LINE#         273
  C:0A83H         LINE#         274
  C:0A85H         LINE#         275
  C:0A8EH         LINE#         276
  C:0A94H         LINE#         277
  C:0A97H         LINE#         278
  C:0A97H         LINE#         279
  C:0A9AH         LINE#         281
  C:0A9AH         LINE#         282
  C:0AA3H         LINE#         283
  C:0AB7H         LINE#         284
  C:0ACEH         LINE#         285
  C:0AD1H         LINE#         287
  C:0AD1H         LINE#         288
  C:0ADCH         LINE#         289
  C:0AE0H         LINE#         290
  C:0AE0H         LINE#         291
  C:0B18H         LINE#         292
  C:0B1AH         LINE#         293
  C:0B82H         LINE#         294
  C:0B82H         LINE#         295
  C:0B8CH         LINE#         296
  C:0B8CH         LINE#         297
  C:0B95H         LINE#         298
  -------         ENDPROC       MAIN
  -------         ENDMOD        TEST

  -------         MODULE        ?C?FPADD
  C:000AH         PUBLIC        ?C?FPADD
  C:0006H         PUBLIC        ?C?FPSUB
  -------         ENDMOD        ?C?FPADD

  -------         MODULE        ?C?FPMUL
BL51 BANKED LINKER/LOCATER V6.22                                                      05/26/2015  18:58:28  PAGE 9


  C:00FBH         PUBLIC        ?C?FPMUL
  -------         ENDMOD        ?C?FPMUL

  -------         MODULE        ?C?FPDIV
  C:0204H         PUBLIC        ?C?FPDIV
  -------         ENDMOD        ?C?FPDIV

  -------         MODULE        ?C?FPCMP
  C:02A3H         PUBLIC        ?C?FPCMP
  C:02A1H         PUBLIC        ?C?FPCMP3
  -------         ENDMOD        ?C?FPCMP

  -------         MODULE        ?C?FCAST
  C:0318H         PUBLIC        ?C?FCASTC
  C:0313H         PUBLIC        ?C?FCASTI
  C:030EH         PUBLIC        ?C?FCASTL
  -------         ENDMOD        ?C?FCAST

  -------         MODULE        ?C?CASTF
  C:034CH         PUBLIC        ?C?CASTF
  -------         ENDMOD        ?C?CASTF

  -------         MODULE        POW
  D:0038H         PUBLIC        ?_pow?BYTE
  C:0E2CH         PUBLIC        _pow
  -------         ENDMOD        POW

  -------         MODULE        ?C?CHKFLOAT
  C:03CDH         PUBLIC        ?C?CHKFLOAT
  -------         ENDMOD        ?C?CHKFLOAT

  -------         MODULE        ?C?FPNEG
  C:03E7H         PUBLIC        ?C?FPNEG
  -------         ENDMOD        ?C?FPNEG

  -------         MODULE        EXP
  C:0F7BH         PUBLIC        _EXP
  -------         ENDMOD        EXP

  -------         MODULE        LOG
  C:0D2BH         PUBLIC        _LOG
  C:0D27H         PUBLIC        _LOG10
  -------         ENDMOD        LOG

  -------         MODULE        ?C?COPY
  C:0515H         PUBLIC        ?C?COPY
  -------         ENDMOD        ?C?COPY

  -------         MODULE        ?C?CLDPTR
  C:053BH         PUBLIC        ?C?CLDPTR
  -------         ENDMOD        ?C?CLDPTR

  -------         MODULE        ?C?CLDOPTR
  C:0554H         PUBLIC        ?C?CLDOPTR
  -------         ENDMOD        ?C?CLDOPTR

  -------         MODULE        ?C?CILDOPTR
BL51 BANKED LINKER/LOCATER V6.22                                                      05/26/2015  18:58:28  PAGE 10


  C:0581H         PUBLIC        ?C?CILDOPTR
  -------         ENDMOD        ?C?CILDOPTR

  -------         MODULE        ?C?CSTPTR
  C:05B4H         PUBLIC        ?C?CSTPTR
  -------         ENDMOD        ?C?CSTPTR

  -------         MODULE        ?C?CSTOPTR
  C:05C6H         PUBLIC        ?C?CSTOPTR
  -------         ENDMOD        ?C?CSTOPTR

  -------         MODULE        ?C?ULDIV
  C:0624H         PUBLIC        ?C?ULDIV
  -------         ENDMOD        ?C?ULDIV

  -------         MODULE        ?C?LNEG
  C:06B6H         PUBLIC        ?C?LNEG
  -------         ENDMOD        ?C?LNEG

  -------         MODULE        ?C?ULCMP
  C:06C4H         PUBLIC        ?C?ULCMP
  -------         ENDMOD        ?C?ULCMP

  -------         MODULE        ?C?LLDPTR
  C:06D5H         PUBLIC        ?C?LLDPTR
  -------         ENDMOD        ?C?LLDPTR

  -------         MODULE        ?C?LLDOPTR
  C:06F5H         PUBLIC        ?C?LLDOPTR
  -------         ENDMOD        ?C?LLDOPTR

  -------         MODULE        ?C?LLDIDATA
  C:0725H         PUBLIC        ?C?LLDIDATA
  -------         ENDMOD        ?C?LLDIDATA

  -------         MODULE        ?C?LLDCODE
  C:0731H         PUBLIC        ?C?LLDCODE
  -------         ENDMOD        ?C?LLDCODE

  -------         MODULE        ?C?LLDCODE0
  C:0741H         PUBLIC        ?C?LLDCODE0
  -------         ENDMOD        ?C?LLDCODE0

  -------         MODULE        ?C?LLDPTR0
  C:0751H         PUBLIC        ?C?LLDPTR0
  -------         ENDMOD        ?C?LLDPTR0

  -------         MODULE        ?C?LLDOPTR0
  C:0771H         PUBLIC        ?C?LLDOPTR0
  -------         ENDMOD        ?C?LLDOPTR0

  -------         MODULE        ?C?LSTIDATA
  C:07A1H         PUBLIC        ?C?LSTIDATA
  -------         ENDMOD        ?C?LSTIDATA

  -------         MODULE        ?C?LLDXDATA
  C:07ADH         PUBLIC        ?C?LLDXDATA
BL51 BANKED LINKER/LOCATER V6.22                                                      05/26/2015  18:58:28  PAGE 11


  -------         ENDMOD        ?C?LLDXDATA

  -------         MODULE        ?C?LLDPDATA
  C:07B9H         PUBLIC        ?C?LLDPDATA
  -------         ENDMOD        ?C?LLDPDATA

  -------         MODULE        ?C?LLDIDATA0
  C:07C5H         PUBLIC        ?C?LLDIDATA0
  -------         ENDMOD        ?C?LLDIDATA0

  -------         MODULE        ?C?LLDXDATA0
  C:07D2H         PUBLIC        ?C?LLDXDATA0
  -------         ENDMOD        ?C?LLDXDATA0

  -------         MODULE        ?C?LLDPDATA0
  C:07DEH         PUBLIC        ?C?LLDPDATA0
  -------         ENDMOD        ?C?LLDPDATA0

Program Size: data=63.1 xdata=0 code=4276
LINK/LOCATE RUN COMPLETE.  0 WARNING(S),  0 ERROR(S)
